log: /home/bruno/Projects/dt/bench/results/cpu-legion-susy-scaling/run.log, started 2026-10-10 19:40:03

=== 19:40:03  1/4 machine check
CPU governor: performance
code: committed (e809e97)
load average: 0.05 0.08 0.37 (close browsers, chat apps, IDE indexers)
power: 
dataset: susy, runs per case: 1, threads: 1,2,4,8,12,16,20

=== 19:40:03  2/4 build ./tree_cpu; prepare the data if it is missing
make: Nothing to be done for 'cpu'.
susy: already prepared

=== 19:40:03  3/4 benchmark: susy, pruned CART and C4.5, no depth limit, ./tree only, 1 run(s) per case
14 cases, 15 processes:
  susy | cart_alpha_nodepth | tree | 1
  susy | cart_alpha_nodepth | tree | 2
  susy | cart_alpha_nodepth | tree | 4
  susy | cart_alpha_nodepth | tree | 8
  susy | cart_alpha_nodepth | tree | 12
  susy | cart_alpha_nodepth | tree | 16
  susy | cart_alpha_nodepth | tree | 20
  susy | c45 | tree | 1
  susy | c45 | tree | 2
  susy | c45 | tree | 4
  susy | c45 | tree | 8
  susy | c45 | tree | 12
  susy | c45 | tree | 16
  susy | c45 | tree | 20
checking the data (SHA-256 of every file, every CSV row against the binary files):
  _baseline: identical in every format (0 s)
  susy: identical in every format (3 s)
14 cases x 1 run(s), then 1 footprint run(s) x 1: 15 processes. Time left is shown once every case has run once.
[1/15] 19:40:10 run 1/1: CART ./tree, 2 threads, susy ...
    ok: train 4.441 s, peak 1,760 MiB, 723 nodes, depth 19, test acc 79.65% | process 0m05s, elapsed 0m06s
[2/15] 19:40:16 run 1/1: C4.5 ./tree, 8 threads, susy ...
    ok: train 1.471 s, peak 2,025 MiB, 15,113 nodes, depth 38, test acc 79.74% | process 0m01s, elapsed 0m09s
[3/15] 19:40:19 run 1/1: C4.5 ./tree, 4 threads, susy ...
    ok: train 2.35 s, peak 2,023 MiB, 15,113 nodes, depth 38, test acc 79.74% | process 0m02s, elapsed 0m14s
[4/15] 19:40:24 run 1/1: CART ./tree, 16 threads, susy ...
    ok: train 1.081 s, peak 1,765 MiB, 723 nodes, depth 19, test acc 79.65% | process 0m01s, elapsed 0m16s
[5/15] 19:40:26 run 1/1: C4.5 ./tree, 12 threads, susy ...
    ok: train 1.246 s, peak 2,027 MiB, 15,113 nodes, depth 38, test acc 79.74% | process 0m01s, elapsed 0m19s
[6/15] 19:40:29 run 1/1: CART ./tree, 4 threads, susy ...
    ok: train 2.474 s, peak 1,761 MiB, 723 nodes, depth 19, test acc 79.65% | process 0m02s, elapsed 0m23s
[7/15] 19:40:33 run 1/1: CART ./tree, 8 threads, susy ...
    ok: train 1.528 s, peak 1,762 MiB, 723 nodes, depth 19, test acc 79.65% | process 0m01s, elapsed 0m26s
[8/15] 19:40:36 run 1/1: C4.5 ./tree, 1 thread, susy ...
    ok: train 6.882 s, peak 1,468 MiB, 15,113 nodes, depth 38, test acc 79.74% | process 0m08s, elapsed 0m36s
[9/15] 19:40:46 run 1/1: C4.5 ./tree, 2 threads, susy ...
    ok: train 4.28 s, peak 2,022 MiB, 15,113 nodes, depth 38, test acc 79.74% | process 0m05s, elapsed 0m43s
[10/15] 19:40:53 run 1/1: CART ./tree, 12 threads, susy ...
    ok: train 1.215 s, peak 1,763 MiB, 723 nodes, depth 19, test acc 79.65% | process 0m01s, elapsed 0m45s
[11/15] 19:40:56 run 1/1: CART ./tree, 1 thread, susy ...
    ok: train 8.048 s, peak 1,214 MiB, 723 nodes, depth 19, test acc 79.65% | process 0m09s, elapsed 0m56s
[12/15] 19:41:06 run 1/1: C4.5 ./tree, 16 threads, susy ...
    ok: train 1.075 s, peak 2,029 MiB, 15,113 nodes, depth 38, test acc 79.74% | process 0m01s, elapsed 0m59s
[13/15] 19:41:09 run 1/1: CART ./tree, 20 threads, susy ...
    ok: train 1.025 s, peak 1,766 MiB, 723 nodes, depth 19, test acc 79.65% | process 0m01s, elapsed 1m01s
[14/15] 19:41:11 run 1/1: C4.5 ./tree, 20 threads, susy ...
    ok: train 1.037 s, peak 2,032 MiB, 15,113 nodes, depth 38, test acc 79.74% | process 0m01s, elapsed 1m04s, about 0m00s left
runtime footprint of each tool (200-row _baseline dataset):
[15/15] 19:41:14 footprint: CART ./tree, 1 thread, _baseline ...
    ok: train 0.0007 s, peak 8 MiB, 53 nodes, depth 7 | process 0m00s, elapsed 1m04s, about 0m00s left
results: /home/bruno/Projects/dt/bench/results/cpu-legion-susy-scaling/results.jsonl

=== 19:41:14  4/4 tables, CSV files and the chart
/home/bruno/Projects/dt/bench/results/cpu-legion-susy-scaling/scaling.csv
/home/bruno/Projects/dt/bench/results/cpu-legion-susy-scaling/chart.png
done: /home/bruno/Projects/dt/bench/results/cpu-legion-susy-scaling/report.md, summary.csv, runs.csv, scaling.csv, chart.png
