log: /home/bruno/Projects/dt/bench/results/cpu-pc-susy-scaling/run.log, started 2026-10-09 19:33:41

=== 19:33:41  1/4 machine check
CPU governor: performance
code: committed (93f2c03)
load average: 0.47 1.43 4.92 (close browsers, chat apps, IDE indexers)
dataset: susy, runs per case: 1, threads: 1,2,4,8,12,16,20,24,28

=== 19:33:41  2/4 build ./tree_cpu; prepare the data if it is missing
make: Nothing to be done for 'cpu'.
susy: already prepared

=== 19:33:41  3/4 benchmark: susy, pruned CART and C4.5, no depth limit, ./tree only, 1 run(s) per case
18 cases, 19 processes:
  susy | cart_alpha_nodepth | tree | 1
  susy | cart_alpha_nodepth | tree | 2
  susy | cart_alpha_nodepth | tree | 4
  susy | cart_alpha_nodepth | tree | 8
  susy | cart_alpha_nodepth | tree | 12
  susy | cart_alpha_nodepth | tree | 16
  susy | cart_alpha_nodepth | tree | 20
  susy | cart_alpha_nodepth | tree | 24
  susy | cart_alpha_nodepth | tree | 28
  susy | c45 | tree | 1
  susy | c45 | tree | 2
  susy | c45 | tree | 4
  susy | c45 | tree | 8
  susy | c45 | tree | 12
  susy | c45 | tree | 16
  susy | c45 | tree | 20
  susy | c45 | tree | 24
  susy | c45 | tree | 28
checking the data (SHA-256 of every file, every CSV row against the binary files):
  _baseline: identical in every format (0 s)
  susy: identical in every format (2 s)
18 cases x 1 run(s), then 1 footprint run(s) x 1: 19 processes. Time left is shown once every case has run once.
[1/19] 19:33:44 run 1/1: C4.5 ./tree, 4 threads, susy ...
    ok: train 2.595 s, peak 1,869 MiB, 15,113 nodes, depth 38, test acc 79.74% | process 0m03s, elapsed 0m04s
[2/19] 19:33:48 run 1/1: C4.5 ./tree, 1 thread, susy ...
    ok: train 7.592 s, peak 1,759 MiB, 15,113 nodes, depth 38, test acc 79.74% | process 0m09s, elapsed 0m15s
[3/19] 19:33:59 run 1/1: CART ./tree, 1 thread, susy ...
    ok: train 10.06 s, peak 1,213 MiB, 723 nodes, depth 19, test acc 79.65% | process 0m11s, elapsed 0m27s
[4/19] 19:34:11 run 1/1: C4.5 ./tree, 24 threads, susy ...
    ok: train 1.491 s, peak 2,394 MiB, 15,113 nodes, depth 38, test acc 79.74% | process 0m01s, elapsed 0m30s
[5/19] 19:34:14 run 1/1: CART ./tree, 4 threads, susy ...
    ok: train 3 s, peak 1,321 MiB, 723 nodes, depth 19, test acc 79.65% | process 0m03s, elapsed 0m34s
[6/19] 19:34:18 run 1/1: C4.5 ./tree, 20 threads, susy ...
    ok: train 1.489 s, peak 2,379 MiB, 15,113 nodes, depth 38, test acc 79.74% | process 0m01s, elapsed 0m37s
[7/19] 19:34:21 run 1/1: C4.5 ./tree, 2 threads, susy ...
    ok: train 4.451 s, peak 1,797 MiB, 15,113 nodes, depth 38, test acc 79.74% | process 0m05s, elapsed 0m44s
[8/19] 19:34:28 run 1/1: CART ./tree, 8 threads, susy ...
    ok: train 1.776 s, peak 1,466 MiB, 723 nodes, depth 19, test acc 79.65% | process 0m02s, elapsed 0m47s
[9/19] 19:34:31 run 1/1: CART ./tree, 16 threads, susy ...
    ok: train 1.356 s, peak 1,756 MiB, 723 nodes, depth 19, test acc 79.65% | process 0m01s, elapsed 0m49s
[10/19] 19:34:33 run 1/1: C4.5 ./tree, 28 threads, susy ...
    ok: train 1.516 s, peak 2,399 MiB, 15,113 nodes, depth 38, test acc 79.74% | process 0m01s, elapsed 0m52s
[11/19] 19:34:36 run 1/1: C4.5 ./tree, 16 threads, susy ...
    ok: train 1.541 s, peak 2,307 MiB, 15,113 nodes, depth 38, test acc 79.74% | process 0m01s, elapsed 0m55s
[12/19] 19:34:39 run 1/1: CART ./tree, 20 threads, susy ...
    ok: train 1.264 s, peak 1,834 MiB, 723 nodes, depth 19, test acc 79.65% | process 0m01s, elapsed 0m57s
[13/19] 19:34:41 run 1/1: CART ./tree, 24 threads, susy ...
    ok: train 1.22 s, peak 1,840 MiB, 723 nodes, depth 19, test acc 79.65% | process 0m01s, elapsed 1m00s
[14/19] 19:34:44 run 1/1: CART ./tree, 28 threads, susy ...
    ok: train 1.196 s, peak 1,852 MiB, 723 nodes, depth 19, test acc 79.65% | process 0m01s, elapsed 1m02s
[15/19] 19:34:46 run 1/1: CART ./tree, 12 threads, susy ...
    ok: train 1.522 s, peak 1,611 MiB, 723 nodes, depth 19, test acc 79.65% | process 0m01s, elapsed 1m04s
[16/19] 19:34:48 run 1/1: CART ./tree, 2 threads, susy ...
    ok: train 5.451 s, peak 1,247 MiB, 723 nodes, depth 19, test acc 79.65% | process 0m06s, elapsed 1m11s
[17/19] 19:34:55 run 1/1: C4.5 ./tree, 12 threads, susy ...
    ok: train 1.577 s, peak 2,161 MiB, 15,113 nodes, depth 38, test acc 79.74% | process 0m01s, elapsed 1m14s
[18/19] 19:34:58 run 1/1: C4.5 ./tree, 8 threads, susy ...
    ok: train 1.732 s, peak 2,016 MiB, 15,113 nodes, depth 38, test acc 79.74% | process 0m01s, elapsed 1m18s, about 0m00s left
runtime footprint of each tool (200-row _baseline dataset):
[19/19] 19:35:02 footprint: CART ./tree, 1 thread, _baseline ...
    ok: train 0.0007 s, peak 7 MiB, 53 nodes, depth 7 | process 0m00s, elapsed 1m18s, about 0m00s left
results: /home/bruno/Projects/dt/bench/results/cpu-pc-susy-scaling/results.jsonl

=== 19:35:02  4/4 tables, CSV files and the chart
/home/bruno/Projects/dt/bench/results/cpu-pc-susy-scaling/scaling.csv
/home/bruno/Projects/dt/bench/results/cpu-pc-susy-scaling/chart.png
done: /home/bruno/Projects/dt/bench/results/cpu-pc-susy-scaling/report.md, summary.csv, runs.csv, scaling.csv, chart.png
